<!DOCTYPE html>
<html>
  <head>
    <meta charset="UTF-8" />
    <meta name="viewport" content="width=device-width" />
    <title>Yuri Santos - index</title>
  </head>
  <body>
    
      <div>
        <a href="/json-test/json_test.html">json_test</a>
        
        
        <div>
          {"html":"html value","test":"test value"}
        </div>
      </div>


      <!-- 
        {"domain":"example.com","index":"json-default/index.html","lua_libraries":"base,string,os","name":"Yuri Santos","tags":"test","template":"json-default/default.html"}
      -->
    
  </body>
</html>
