<!DOCTYPE html>
<html>
  <head>
    <meta charset="UTF-8" />
    <meta name="viewport" content="width=device-width" />
    <title>Yuri Santos - json_test</title>
  </head>
  <body>
    test value
  </body>
</html>
