<!DOCTYPE html>
<html>
  <head>
    <meta charset="UTF-8" />
    <meta name="viewport" content="width=device-width" />
    <title>Yuri Santos - escape&test</title>
  </head>
  <body>
    <p>this file name must be escaped on sitemap.xml</p>

  </body>
</html>
