<!DOCTYPE html>
<html>
  <head>
    <meta charset="UTF-8" />
    <meta name="viewport" content="width=device-width" />
    <title>Yuri Santos - md_script</title>
  </head>
  <body>
    <p>THANKS TO LUA SUPER POWERS I BECAME UPPERCASED</p>

  </body>
</html>
