<?xml version="1.0" encoding="UTF-8"?><urlset xmlns="http://www.sitemaps.org/schemas/sitemap/0.9"><url><loc>https://example.com/json-test/index.html</loc></url><url><loc>https://example.com/portfolio/index.html</loc></url><url><loc>https://example.com/test_lua.html</loc></url><url><loc>https://example.com/index.html</loc></url><url><loc>https://example.com/test.html</loc></url><url><loc>https://example.com/.nojekyll</loc></url><url><loc>https://example.com/json-test/json_test.html</loc></url><url><loc>https://example.com/portfolio/welcome.html</loc></url></urlset>