<!DOCTYPE html>
<html>
  <head>
    <meta charset="UTF-8" />
    <meta name="viewport" content="width=device-width" />
    <title>Yuri Santos - Test Page</title>
  </head>
  <body>
    <h1>Test</h1>
<p>Testing cmark parsers</p>
<h1>Testing unsafe HTML (should accept)</h1>
<script>
    console.log("hello world");
</script>
<p><del>strikethrough</del></p>
<table>
<thead>
<tr>
<th>foo</th>
<th>bar</th>
</tr>
</thead>
<tbody>
<tr>
<td>baz</td>
<td>bim</td>
</tr>
</tbody>
</table>

  </body>
</html>
